// Jest Snapshot v1, https://goo.gl/fbAQLP

exports[`test MainList component MainList should match snapshot 1`] = `
<div>
  <div
    className="search_bar"
  >
    <input
      className="search"
      onChange={[Function]}
      placeholder="Search"
      type="text"
    />
  </div>
  <ul
    className="main_list"
  />
</div>
`;
